---

Symbol: TestClass
/TEST_OUTPUT/workspace/src/consumer.cpp
Range: L6:C1 - L14:C2

 6|class TestClass {
 7| public:
 8|  /**
 9|   * @brief A method that takes an integer parameter.
10|   *
11|   * @param param The integer parameter to be processed.
12|   */
13|  void method(int param) {}
14|};

