===
/TEST_OUTPUT/workspace/consumer.py
References in File: 1
===

Reference at Line 65, Column 26:
49|def consumer_function() -> None:
50|    """Function that uses various shared components."""
51|    # Use shared constants
52|    print(f"Shared constant: {SHARED_CONSTANT}")
53|    
54|    # Use shared class
55|    shared = SharedClass[int]("example", 42)
56|    name = shared.get_name()
57|    value = shared.get_value()
58|    print(f"Shared class name: {name}, value: {value}")
59|    
60|    # Set new value
61|    shared.set_value(100)
62|    
63|    # Use shared interface
64|    consumer = Consumer()
65|    processed = consumer.process("test data")
66|    print(f"Processed: {processed}")
67|    
68|    # Use helper function directly
69|    result = helper_function("direct call")
70|    print(f"Helper result: {result}")
71|    
72|    # Use another helper function with PI constant
73|    area = calculate_area(2.0)
74|    print(f"Circle area: {area}")
75|    
76|    # Use type alias
77|    data: DataDict = {
78|        "name": "test",
79|        "value": 42,
80|        "enabled": True
81|    }
82|    print(f"Data: {data}")
83|    
84|    # Use enum-like class
85|    color = Color.BLUE
86|    print(f"Color: {color}")

